A: A,a,4,@,À,Á,Â,Ã,Ä,Å,Æ,à,á,â,ã,ä,å,æ,Ā,ā,Ă,ă,Ą,ą,Ǎ,ǎ,Ǟ,ǟ,Ǡ,ǡ,Ǣ,ǣ,Ǽ,ǽ,Ȁ,ȁ,Ȃ,ȃ,Ȧ,ȧ,Ⱥ,ɑ,Ά,Α,ά,α,Ӑ,ӑ,Ӓ,ӓ
B: B,b,ƀ,Ɓ,Ƃ,ƃ,Ƀ,ɓ,ɵ,ʘ,ʬ,ʭ,˹,˻,Β,β
C: C,c,Ç,ç,Ć,ć,Ĉ,ĉ,Ċ,ċ,Č,č,Ƈ,ƈ,Ȼ,ȼ,ɕ
D: D,d,Ď,ď,Đ,đ,ı,Ɗ,Ƌ,ƌ,ǀ,Ǆ,ǅ,ǆ,Ǳ,ǲ,ǳ,ȡ,ȷ,ȸ,ɖ,ɗ,ɟ,ʄ,ʣ,ʤ,ʥ,ʺ,˅,˕,ˮ,ͩ,Δ,δ,Ϝ,ϝ,Ϯ,ϯ,Ђ,Ѕ,Џ,Д,д,ђ,ѕ,џ,Ԫ,ԫ,Ԭ,ԭ,Դ,դ,ד,د,ض,ٮ,ٯ,ڄ,ڈ,ډ,ڊ,ڋ,ڌ,ڍ,ڎ,ڏ,ڐ,ڡ,ۮ,ۻ,ܕ,ܖ,ݙ,ݚ,ދ,ޑ,ޟ,ߑ,ߘ,ࠃ,
E: E,e,È,É,Ê,Ë,Ð,è,é,ê,ë,ð,Ē,ē,Ĕ,ĕ,Ė,ė,Ę,ę,Ě,ě,Ŋ,ŋ,Ʃ,Ʒ,Ƹ,ƹ,ƺ,Ǯ,ǯ,Ȅ,ȅ,Ȇ,ȇ,Ȩ,ȩ,Ɇ,ɇ,ʃ,ʆ,ʒ,ʓ,˥,˩,˺,˼,ͤ,Έ,Ή,Ε,Η,έ,ή,ε,η,Л,М,Н,Р,С,Ф,Э,л,м,н,р,с,ф,э,Ҏ,ҏ,Ң,ң,Ҫ,ҫ,Ӆ,ӆ,Ӈ,ӈ,Ӊ,ӊ,Ӎ,ӎ,Ӭ,ӭ,Ԓ,ԓ,Ԡ,ԡ,Ԣ,ԣ,Ԩ,ԩ,Ԯ,ԯ,Ե,Է,Ը,ե,է,ը,ې,ܥ,ߋ,ߍ,ࠚ,
F: F,f,Ƒ,ƒ,ʩ,ς,Ϥ,ϥ,Ѳ,ѳ,Ֆ,ֆ,ך,ם,ן,ף,ץ,ؽ,ؾ,ؿ,ف,ڢ,ڣ,ڥ,ی,ܤ,ݠ,ݡ,ݵ,ݶ,ݷ,ފ,ߝ,ࠐ,
G: G,g,Ĝ,ĝ,Ğ,ğ,Ġ,ġ,Ģ,ģ,Ɠ,Ɣ,Ǥ,ǥ,Ǧ,ǧ,Ǵ,ǵ,Ɂ,ɂ,ɠ,ɣ,ʔ,ʡ,ˀ,ˋ,Γ,γ,Ϫ,ϫ,Ѓ,Г,г,ѓ,Ґ,ґ,Ғ,ғ,Ҕ,ҕ,Ӷ,ӷ,Ӻ,ӻ,Գ,Ղ,գ,ղ,ג,غ,گ,ڰ,ڲ,ڳ,ڴ,ۼ,ܓ,ܔ,ގ,ޏ,ޣ,ߜ,ࠂ,
H: H,h,Ĥ,ĥ,Ħ,ħ,ƕ,Ƕ,Ȟ,ȟ,ɦ,ɧ,ˑ,˦,ͪ,Ͱ,ͱ,Ϩ,ϩ,Х,Ъ,х,ъ,Ҳ,ҳ,Ӽ,ӽ,Ӿ,ӿ,Հ,հ,ה,ח,ء,ح,ه,ٴ,ٵ,ٶ,ٸ,ځ,ڂ,څ,ھ,ۀ,ہ,ۂ,ۿ,ܗ,ܚ,ݗ,ݘ,ݮ,ݯ,ݲ,ݼ,ހ,ޙ,ߤ,ࡀ,
I: I,i,Ì,Í,Î,Ï,ì,í,î,ï,Ĩ,ĩ,Ī,ī,Ĭ,ĭ,Į,į,İ,Ɩ,Ɨ,ƾ,Ǐ,ǐ,Ȉ,ȉ,Ȋ,ȋ,ɨ,ɩ,ʖ,ͥ,Ί,ΐ,Ι,Ϊ,ί,ι,ϊ,Ѐ,Ё,Ѝ,Е,И,е,и,ѐ,ё,ѝ,Ѥ,ѥ,Ѩ,ѩ,Ѭ,ѭ,Ѵ,ѵ,Ѷ,ѷ,Ӗ,ӗ,Ӣ,ӣ,Ӥ,ӥ,Ի,ի,ߌ,ࠄ,ࠇ,ࠏ,ࠨ,
J: J,j,Ĵ,ĵ,ǈ,ǋ,ǰ,Ɉ,ɉ,ʝ,Ј,ј,Ձ,Ջ,ձ,ջ,ج,ژ,ޖ,ߖ,ߨ,ߩ,ߪ,
K: K,k,Ķ,ķ,ĸ,Ƙ,ƙ,Ǩ,ǩ,Κ,κ,Ϟ,ϟ,Ϧ,ϧ,Ќ,К,к,ќ,Ѯ,ѯ,Ҁ,ҁ,Қ,қ,Ҝ,ҝ,Ҟ,ҟ,Ӄ,ӄ,Ӌ,ӌ,Ԁ,ԁ,Ԃ,ԃ,Ԅ,ԅ,Ԇ,ԇ,Ԉ,ԉ,Ԋ,ԋ,Ԍ,ԍ,Ԏ,ԏ,Կ,Ք,կ,ք,כ,ؠ,خ,ػ,ؼ,ك,ک,ګ,ڬ,ڮ,ۅ,ۉ,ܟ,ݢ,ݣ,ݤ,ݿ,ކ,ޚ,ߞ,ࠊ,
L: L,l,Ĺ,ĺ,Ļ,ļ,Ľ,ľ,Ŀ,ŀ,Ł,ł,ſ,ƚ,ƛ,ǁ,Ǉ,ǈ,ǉ,ȴ,Ƚ,ɫ,ɬ,ɭ,ɮ,ʪ,ʫ,ʿ,˂,ˌ,ˍ,ˎ,ˏ,˨,˯,˰,˱,˲,˳,˷,˿,Λ,λ,Љ,љ,Ѧ,ѧ,Ԕ,ԕ,Լ,ՙ,լ,ל,ل,ڵ,ڶ,ڷ,ڸ,ܠ,ݪ,ޅ,ލ,ߟ,ࠋ,
M: M,m,ɱ,ˉ,˗,˧,˴,˵,˶,ͫ,Μ,μ,Մ,մ,מ,؜,م,ܡ,ݥ,ݦ,މ,ߡ,ࠌ,
N: N,n,Ñ,ñ,Ń,ń,Ņ,ņ,Ň,ň,ŉ,Ɲ,ƞ,Ǌ,ǋ,ǌ,Ǹ,ǹ,Ƞ,ȵ,ɲ,ɳ,Ν,ν,Њ,њ,Ն,ն,נ,ن,ڃ,ڭ,ڱ,ڹ,ں,ڼ,ڽ,ܢ,ݧ,ݨ,ݩ,ނ,ޱ,ߒ,ߠ,ߢ,ߣ,ߧ,ࠍ,
O: O,o,Ò,Ó,Ô,Õ,Ö,Ø,ò,ó,ô,õ,ö,ø,Ō,ō,Ŏ,ŏ,Ő,ő,Ɔ,Ɛ,Ɵ,Ơ,ơ,Ƣ,ƣ,Ǒ,ǒ,Ǫ,ǫ,Ǭ,ǭ,Ǿ,ǿ,Ȍ,ȍ,Ȏ,ȏ,Ȣ,ȣ,Ȫ,ȫ,Ȭ,ȭ,Ȯ,ȯ,Ȱ,ȱ,ɔ,ɛ,˾,ͦ,Ό,Ώ,Ο,Ω,ο,ω,ό,ώ,О,о,Ѡ,ѡ,Ѽ,ѽ,Ѿ,ѿ,Ӧ,ӧ,Օ,օ,ۆ,ߏ,ߐ,
P: P,p,Ƥ,ƥ,ɸ,ʕ,ʹ,˖,Ͷ,ͷ,Π,Φ,Ψ,π,φ,ψ,П,п,Ѱ,ѱ,Ҧ,ҧ,Ӏ,ӏ,Ԥ,ԥ,Պ,Փ,պ,փ,פ,پ,ڦ,ܦ,ܭ,ܮ,ܯ,ޕ,ߔ,
Q: Q,q,ȹ,ɋ,ʠ,Ԛ,ԛ,ק,ق,ڧ,ڨ,ܩ,ޤ,ࠒ,
R: R,r,Ŕ,ŕ,Ŗ,ŗ,Ř,ř,Ǝ,ƪ,ǃ,Ȑ,ȑ,Ȓ,ȓ,Ɍ,ɍ,ɘ,ɜ,ɝ,ɤ,ɼ,ɽ,ɾ,ɿ,ʢ,ʽ,ʾ,ˁ,˃,˞,˸,ͬ,Ρ,ρ,Ѻ,ѻ,Ԑ,ԑ,Ԗ,ԗ,Ռ,Ր,ռ,ր,ר,ر,ڑ,ڒ,ړ,ڔ,ڕ,ږ,ڗ,ڙ,ڻ,ۯ,ܧ,ܪ,ݛ,ݫ,ݬ,ݱ,ރ,ߙ,ߚ,ࠓ,
S: S,s,ß,Ś,ś,Ŝ,ŝ,Ş,ş,Š,š,Ə,Ș,ș,ȿ,Ɋ,ə,ɚ,ɡ,ɢ,ɪ,ɴ,ɶ,ʀ,ʁ,ʂ,ʅ,ʏ,ʗ,ʙ,ʛ,ʜ,ʟ,ʰ,ʱ,ʲ,ʳ,ʴ,ʵ,ʶ,ʷ,ʸ,ˠ,ˡ,ˢ,ˣ,ˤ,˽,Σ,σ,Ϛ,ϛ,Ϡ,ϡ,Ϣ,ϣ,Ϭ,ϭ,Ϸ,ϸ,Ϻ,ϻ,Ў,Й,Ш,Щ,Ь,й,ш,щ,ь,ў,Ҋ,ҋ,Ҍ,ҍ,Ү,ү,Ұ,ұ,Һ,һ,Ә,ә,Ӛ,ӛ,Ԧ,ԧ,Շ,Ս,շ,ս,ס,ש,س,ش,ص,ٰ,ښ,ڛ,ڜ,ڝ,ڞ,ڪ,ۺ,ܑ,ܣ,ܨ,ܫ,ݍ,ݎ,ݏ,ݜ,ݭ,ݰ,ݽ,ݾ,ށ,ސ,ޝ,ޞ,ߛ,ࠎ,ࠔ,ࠤ,
T: T,t,Þ,þ,Ţ,ţ,Ť,ť,Ŧ,ŧ,Ƅ,ƅ,ƍ,Ɯ,Ƨ,ƨ,ƫ,Ƭ,ƭ,Ʈ,ƻ,Ƽ,ƽ,ǝ,Ț,ț,ȶ,Ⱦ,Ʌ,ɐ,ɒ,ɥ,ɯ,ɰ,ɹ,ɺ,ɻ,ʇ,ʈ,ʌ,ʍ,ʎ,ʞ,ʦ,ʧ,ʨ,ʮ,ʯ,ʻ,ː,ͭ,Θ,Τ,θ,τ,Ћ,Т,Ц,т,ц,ћ,Ҭ,ҭ,Թ,Տ,թ,տ,ט,צ,ת,ة,ت,ث,ذ,ط,ٹ,ٺ,ټ,ٽ,ٿ,چ,ڇ,ڟ,ڿ,ۃ,ܛ,ܜ,ܬ,ݮ,ݯ,ݰ,ݱ,ݲ,ތ,ޓ,ޘ,ޛ,ޠ,ߕ,ࠈ,ࠑ,ࠕ,
U: U,u,Ù,Ú,Û,Ü,ù,ú,û,ü,Ũ,ũ,Ū,ū,Ŭ,ŭ,Ů,ů,Ű,ű,Ų,ų,Ư,ư,Ʊ,Ǔ,ǔ,Ǖ,ǖ,Ǘ,ǘ,Ǚ,ǚ,Ǜ,ǜ,Ȕ,ȕ,Ȗ,ȗ,Ʉ,ʉ,ʊ,˄,˔,˭,ͧ,Ύ,Υ,Ϋ,ΰ,υ,ϋ,ύ,Є,У,у,є,Ѹ,ѹ,Ӯ,ӯ,Ӱ,ӱ,Ӳ,ӳ,ٷ,ۇ,ߎ,
V: V,v,Ʋ,ʋ,ˈ,ˬ,ͮ,В,в,Ո,Վ,ո,վ,ו,ڤ,ۋ,ވ,
W: W,w,Ŵ,ŵ,ƿ,Ƿ,Ԝ,ԝ,ؤ,و,ۄ,ۊ,ۏ,ܘ,ݸ,ݹ,ޥ,ߥ,
X: X,x,ͯ,Ξ,ξ,Խ,խ,
Y: Y,y,Ý,ý,ÿ,Ŷ,ŷ,Ÿ,Ʀ,Ƴ,ƴ,Ȝ,ȝ,Ȳ,ȳ,Ɏ,ɏ,˪,˫,Ϳ,ϳ,Ї,Ы,Ю,Я,ы,ю,я,ї,Ѣ,ѣ,Ӹ,ӹ,Ԙ,ԙ,Յ,Ւ,յ,ւ,י,ئ,ي,ۈ,ۍ,ێ,ۑ,ے,ۓ,ܝ,ܞ,ݺ,ݻ,ޔ,ߦ,ࠉ,
Z: Z,z,Ź,ź,Ż,ż,Ž,ž,Ƶ,ƶ,ǅ,ǲ,Ȥ,ȥ,ɀ,ʐ,ʑ,Ζ,ζ,Ж,З,ж,з,Җ,җ,Ҙ,ҙ,Ӂ,ӂ,Ӝ,ӝ,Ӟ,ӟ,Զ,Ժ,զ,ժ,ז,ز,ظ,ܙ,ޒ,ޜ,ޡ,ࠆ,
 :  ,_,-,:,;,.,