A: A,a,4,∂,@,λ,À,Á,Â,Ã,Ä,Å,Æ,à,á,â,ã,ä,å,æ,Ā,ā,Ă,ă,Ą,ą,Ǎ,ǎ,Ǟ,ǟ,Ǡ,ǡ,Ǣ,ǣ,Ǽ,ǽ,Ȁ,ȁ,Ȃ,ȃ,Ȧ,ȧ,Ⱥ,ɑ,Ά,Α,ά,α,Ӑ,ӑ,Ӓ,ӓ
B: B,b,ʙ,6,ƀ,Ɓ,Ƃ,ƃ,Ƀ,ɓ,Β,β,б,ß,|3,8,Ѣ,ѣ,Ӹ,ӹ
C: C,c,(,{,[,Ç,ɶ,ç,¢,©,Ć,ć,Ĉ,ĉ,Ċ,ċ,Č,č,Ƈ,ƈ,Ȼ,ȼ,ɕ
D: D,d,Ď,ď,Đ,đ,[),|),Ɗ,Ƌ,ƌ,ȡ,ɖ,ɗ,ʣ,ʤ,ʥ,δ,ǅ,ǲ
E: E,e,3,€,ə,Ə,[-,Σ,È,É,Ê,Ë,è,é,ê,ë,Ē,ē,Ĕ,ĕ,Ė,ė,Ę,ę,Ě,ě,Ʃ,Ʒ,Ƹ,ƹ,ƺ,Ǯ,ǯ,Ȅ,ȅ,Ȇ,ȇ,Ȩ,ȩ,ʓ,Έ,έ,Э,э,Ӭ,ӭ,Ѥ,Ɛ
F: F,f,ƒ,Ƒ,ƒ,Ϝ,ϝ,£
G: G,g,౨,౸,ʛ,Ĝ,ĝ,Ğ,ğ,Ġ,ġ,Ģ,ģ,Ɠ,Ǥ,ǥ,Ǧ,ǧ,Ǵ,ǵ,ɠ,Գ,գ,ɚ,ɡ
H: H,h,ʜ,#,|-|,Ĥ,ĥ,Ħ,ħ,ƕ,Ƕ,Ȟ,ȟ,ɦ,ɧ,հ
I: I,i,1,|,¡,!,][,¦,Ì,Í,Î,Ï,ì,í,î,ï,Ĩ,ĩ,Ī,ī,Ĭ,ĭ,Į,į,İ,Ɩ,Ɨ,Ǐ,ǐ,Ȉ,ȉ,Ȋ,ȋ,ɨ,ɩ,ʖ,ͥ,Ί,ΐ,Ι,Ϊ,ί,ι,ϊ
J: J,j,ʝ,Ĵ,ĵ,ǈ,ǋ,ǰ,Ɉ,ɉ,ʝ,Ј,ј,Ձ
K: K,k,Ķ,ķ,ĸ,Ƙ,ƙ,Ǩ,ǩ,Κ,κ,Ϟ,ϟ,Ϧ,Ќ,К,к,ќ,Қ,қ,Ҝ,ҝ,Ҟ,ҟ,Ӄ,ӄ,ʞ
L: L,l,Ĺ,ĺ,Ļ,ļ,Ľ,ľ,Ŀ,ŀ,Ł,ł,ſ,ƚ,ǁ,Ǉ,ǈ,ǉ,ȴ,Ƚ,ɫ,ɬ,ɭ,ɮ,ʪ,ʫ,,˨,Լ,լ,ʟ
M: M,m,ɱ,ͫ,Μ,ΠΠ,ππ,౧౧,
N: N,n,Ñ,ñ,Ń,ń,Ņ,ņ,Ň,ň,ŉ,Ɲ,ƞ,Ǌ,ǋ,ǌ,Ǹ,ǹ,Ƞ,Ѝ,И,ȵ,ɲ,ɳ,Ν,ⁿ,π,Π
O: O,o,0,Ò,Ó,Ô,Õ,Ö,Ø,ò,ó,ô,õ,ö,ø,Ō,ō,Ŏ,ŏ,Ő,ő,Ɵ,Ơ,ơ,Ƣ,Ǒ,ǒ,Ǫ,ǫ,Ǭ,ǭ,Ǿ,ǿ,Ȍ,ȍ,Ȏ,ȏ,Ȣ,ȣ,Ȫ,ȫ,Ȭ,ȭ,Ȯ,ȯ,Ȱ,ȱ,Ώ,Ο,Ω,ο,ό,О,о,Ӧ,ӧ,Օ,օ,
P: P,p,Ƥ,ƥ,ɸ,Ψ,φ,¶,թ,ƿ,Ƿ
Q: Q,q,ȹ,ɋ,ʠ,Ԛ,ԛ,ק,
R: R,r,Ŕ,ʁ,π,®,ŕ,Ŗ,ŗ,Ř,ř,Ȑ,ȑ,Ȓ,ȓ,Ɍ,ɼ,ɽ,ɾ,Ԗ,ԗ,Ռ,Ր,ռ,ր,Ԙ,ԙ,Ʀ
S: S,s,5,ß,§,Ś,ś,Ŝ,ŝ,Ş,Ϩ,ş,Š,š,Ș,ș,ȿ,ʂ,Ƨ,ƨ
T: T,t,Þ,†,‡,™,Ţ,ţ,Ť,ť,Ŧ,ŧ,ƫ,Ƭ,ƭ,Ʈ,Ț,ț,ȶ,Ⱦ,ʇ,ʈ,ʦ,ʧ,ʨ,Τ,τ,Т,т,Ҭ,ҭ
U: U,u,Ù,Ú,Û,Ü,ù,ú,û,ü,Ũ,ũ,Ū,ū,Ŭ,ŭ,Ů,ů,Ű,ű,Ų,ų,Ư,ư,Ʊ,Ǔ,ǔ,Ǖ,ǖ,Ǘ,ǘ,Ǚ,ǚ,Ǜ,ǜ,Ȕ,ȕ,Ȗ,ȗ,Ʉ,ʉ,ʊ,ΰ,υ,ϋ,ύ
V: V,v,Ʋ,ʋ,ˬ,ͮ,,Ѵ,ѵ,Ѷ,ѷ
W: W,w,Ŵ,ŵ,Ԝ,ԝ,ω,ώ,Ѡ,ѡ,Ѽ,ѽ,Ѿ,ѿ
X: X,x,ͯ,*,Χ,χ,Х,х,Ҳ,ҳ,Ӽ,ӽ,Ӿ,ӿ,Ж,ж,Җ,җ,Ӂ,ӂ,Ӝ,ӝ
Y: Y,y,Ý,ý,ÿ,Ŷ,ŷ,Ÿ,Ƴ,ƴ,ʏȜ,Ȳ,ȳ,Ɏ,ɏ,ʮ,ʯΎ,Υ,Ϋ,У,у,Ѹ,ѹ,Ӯ,ӯ,Ӱ,ӱ,Ӳ,ӳ
Z: Z,z,Ź,ź,Ż,ż,Ž,ž,Ƶ,ƶ,Ȥ,ȥ,ɀ,ʐ,ʑ,Ζ,ζ
 :  ,_,-,:,;,.,